Failed to get video info for https://www.youtube.com/watch?v=_9hqjSxp_mk: Error extracting sts from embedded url response
Failed to get video info for https://www.youtube.com/watch?v=vj8vt_e8XZw: Error extracting sts from embedded url response
Failed to get video info for https://www.youtube.com/watch?v=6_7CQ6oCffA: Error extracting sts from embedded url response
Failed to get video info for https://www.youtube.com/watch?v=3ZX680OGk5Y: Error extracting sts from embedded url response
Failed to get video info for https://www.youtube.com/watch?v=eqWAem8S93Y: Error extracting sts from embedded url response
Failed to get video info for https://www.youtube.com/watch?v=TKuE3KiT7Bo: Error extracting sts from embedded url response
Failed to get video info for https://www.youtube.com/watch?v=78GCLkS_OVA: Error extracting sts from embedded url response
Failed to get video info for https://www.youtube.com/watch?v=cDt6b0I-7Bs: Error extracting sts from embedded url response
Failed to get video info for https://www.youtube.com/watch?v=Ewe_S-FpHoY: Error extracting sts from embedded url response
Failed to get video info for https://www.youtube.com/watch?v=jVC7CwOW0gs: Error extracting sts from embedded url response
Failed to get video info for https://www.youtube.com/watch?v=qxIDO5Qw3c4: Error extracting sts from embedded url response
Failed to get video info for https://www.youtube.com/watch?v=4jzuBt1ttHE: Error extracting sts from embedded url response
Failed to get video info for https://www.youtube.com/watch?v=Hi3uI2foaKc: Error extracting sts from embedded url response
Failed to get video info for https://www.youtube.com/watch?v=_NIXUyjO-3M: Error extracting sts from embedded url response
Failed to get video info for https://www.youtube.com/watch?v=dgXIfOkC-xc: Error extracting sts from embedded url response
Failed to get video info for https://www.youtube.com/watch?v=z3XLFrEhXPg: Error extracting sts from embedded url response
Failed to get video info for https://www.youtube.com/watch?v=ubYzGzITCPU: Error extracting sts from embedded url response
Failed to get video info for https://www.youtube.com/watch?v=LUmSBREcf1Y: Error extracting sts from embedded url response
Failed to get video info for https://www.youtube.com/watch?v=0E7VcwCk7wo: Error extracting sts from embedded url response
Failed to get video info for https://www.youtube.com/watch?v=G3QdSFbVeKQ: Error extracting sts from embedded url response
Failed to get video info for https://www.youtube.com/watch?v=gQTFY51Yc0k: Error extracting sts from embedded url response
Failed to get video info for https://www.youtube.com/watch?v=lSXcYHmehRM: Error extracting sts from embedded url response
Failed to get video info for https://www.youtube.com/watch?v=qSczVTmRN-U: Error extracting sts from embedded url response
Failed to get video info for https://www.youtube.com/watch?v=RSAhDMNkFrk: Error extracting sts from embedded url response
Failed to get video info for https://www.youtube.com/watch?v=M0XeB2lwFIM: Error extracting sts from embedded url response
Failed to get video info for https://www.youtube.com/watch?v=NB62FK4UN1Q: Error extracting sts from embedded url response
Failed to get video info for https://www.youtube.com/watch?v=fnsogXtvcV0: Error extracting sts from embedded url response
Failed to get video info for https://www.youtube.com/watch?v=ElEsw-qpUIk: Error extracting sts from embedded url response
Failed to get video info for https://www.youtube.com/watch?v=qeDt17Yddl8: Error extracting sts from embedded url response
Failed to get video info for https://www.youtube.com/watch?v=9pZCt1L7cfo: Error extracting sts from embedded url response
Failed to get video info for https://www.youtube.com/watch?v=IUtiS-QIdDU: Error extracting sts from embedded url response
Failed to get video info for https://www.youtube.com/watch?v=itqqkETZEpM: Error extracting sts from embedded url response
Failed to get video info for https://www.youtube.com/watch?v=AKT9e0Wr-pg: Error extracting sts from embedded url response
Failed to get video info for https://www.youtube.com/watch?v=C6L-yQL1DfQ: Error extracting sts from embedded url response
Failed to get video info for https://www.youtube.com/watch?v=-wzfXVQkloQ: Error extracting sts from embedded url response
Failed to get video info for https://www.youtube.com/watch?v=LcQdrEvatcY: Error extracting sts from embedded url response
Failed to get video info for https://www.youtube.com/watch?v=plQCbo0MVHg: Error extracting sts from embedded url response
Failed to get video info for https://www.youtube.com/watch?v=eaPhMksCajM: Error extracting sts from embedded url response
Failed to get video info for https://www.youtube.com/watch?v=zlwLnorUhCY: Error extracting sts from embedded url response
Failed to get video info for https://www.youtube.com/watch?v=8n4qOIsuKVQ: Error extracting sts from embedded url response
Failed to get video info for https://www.youtube.com/watch?v=efnSeK1YXmg: Error extracting sts from embedded url response
Failed to get video info for https://www.youtube.com/watch?v=qZSOdZP3qrE: Error extracting sts from embedded url response
Failed to get video info for https://www.youtube.com/watch?v=ZcDzaqW2POM: Error extracting sts from embedded url response
Failed to get video info for https://www.youtube.com/watch?v=5GSRU6JpGWM: Error extracting sts from embedded url response
Failed to get video info for https://www.youtube.com/watch?v=dlcErK-40Uk: Error extracting sts from embedded url response
Failed to get video info for https://www.youtube.com/watch?v=KPCMp48iwZ0: Error extracting sts from embedded url response
Failed to get video info for https://www.youtube.com/watch?v=aQ7sx6dHBd8: Error extracting sts from embedded url response
Failed to get video info for https://www.youtube.com/watch?v=j50ORm9f3Kw: Error extracting sts from embedded url response
Failed to get video info for https://www.youtube.com/watch?v=cxcIylw4N7o: Error extracting sts from embedded url response
Failed to get video info for https://www.youtube.com/watch?v=cG0yCtsa0nY: Error extracting sts from embedded url response
